******************************************************************************
                  TI ARM Linker PC v16.9.4                     
******************************************************************************
>> Linked Wed Jan 17 13:39:16 2018

OUTPUT FILE NAME:   <lab1.out>
ENTRY POINT SYMBOL: "_c_int00"  address: 00000789


MEMORY CONFIGURATION

         name            origin    length      used     unused   attr    fill
----------------------  --------  ---------  --------  --------  ----  --------
  FLASH                 00000000   00040000  000009a8  0003f658  R  X
  SRAM                  20000000   00008000  0000022d  00007dd3  RW X


SEGMENT ALLOCATION MAP

run origin  load origin   length   init length attrs members
----------  ----------- ---------- ----------- ----- -------
00000000    00000000    000009a8   000009a8    r-x
  00000000    00000000    0000026c   0000026c    r-- .intvecs
  0000026c    0000026c    000006fc   000006fc    r-x .text
  00000968    00000968    00000040   00000040    r-- .cinit
20000000    20000000    0000022d   00000000    rw-
  20000000    20000000    00000200   00000000    rw- .stack
  20000200    20000200    00000028   00000000    rw- .data
  20000228    20000228    00000005   00000000    rw- .bss


SECTION ALLOCATION MAP

 output                                  attributes/
section   page    origin      length       input sections
--------  ----  ----------  ----------   ----------------
.intvecs   0    00000000    0000026c     
                  00000000    0000026c     tm4c123gh6pm_startup_ccs.obj (.intvecs)

.text      0    0000026c    000006fc     
                  0000026c    00000132     driverlib.lib : gpio.obj (.text:GPIOPadConfigSet)
                  0000039e    00000002     rtsv7M4_T_le_v4SPD16_eabi.lib : mpu_init.obj (.text)
                  000003a0    00000104     lab-1.obj (.text)
                  000004a4    000000f4     driverlib.lib : sysctl.obj (.text:SysCtlClockSet)
                  00000598    0000009c     rtsv7M4_T_le_v4SPD16_eabi.lib : memcpy_t2.obj (.text)
                  00000634    0000007a                                   : memset_t2.obj (.text)
                  000006ae    00000002                                   : startup.obj (.text)
                  000006b0    00000070                                   : autoinit.obj (.text)
                  00000720    00000068                                   : copy_decompress_lzss.obj (.text:decompress:lzss)
                  00000788    00000054                                   : boot.obj (.text)
                  000007dc    00000054                                   : exit.obj (.text)
                  00000830    0000004c                                   : cpy_tbl.obj (.text)
                  0000087c    00000034     driverlib.lib : sysctl.obj (.text:SysCtlPeripheralEnable)
                  000008b0    0000002a                   : gpio.obj (.text:GPIODirModeSet)
                  000008da    00000018                   : gpio.obj (.text:GPIOPinTypeGPIOOutput)
                  000008f2    00000002     --HOLE-- [fill = 0]
                  000008f4    00000018     rtsv7M4_T_le_v4SPD16_eabi.lib : args_main.obj (.text)
                  0000090c    00000014                                   : _lock.obj (.text)
                  00000920    00000012     driverlib.lib : gpio.obj (.text:GPIOPinTypeGPIOInput)
                  00000932    0000000e     rtsv7M4_T_le_v4SPD16_eabi.lib : copy_decompress_none.obj (.text:decompress:none)
                  00000940    0000000c                                   : copy_zero_init.obj (.text:decompress:ZI)
                  0000094c    0000000c     tm4c123gh6pm_startup_ccs.obj (.text)
                  00000958    00000006     driverlib.lib : gpio.obj (.text:GPIOPinRead)
                  0000095e    00000006                   : sysctl.obj (.text:SysCtlDelay)
                  00000964    00000004     rtsv7M4_T_le_v4SPD16_eabi.lib : pre_init.obj (.text)

.cinit     0    00000968    00000040     
                  00000968    00000019     (.cinit..data.load) [load image, compression = lzss]
                  00000981    00000003     --HOLE-- [fill = 0]
                  00000984    0000000c     (__TI_handler_table)
                  00000990    00000008     (.cinit..bss.load) [load image, compression = zero_init]
                  00000998    00000010     (__TI_cinit_table)

.init_array 
*          0    00000000    00000000     UNINITIALIZED

.stack     0    20000000    00000200     UNINITIALIZED
                  20000000    00000200     --HOLE--

.data      0    20000200    00000028     UNINITIALIZED
                  20000200    00000010     lab-1.obj (.data)
                  20000210    0000000c     rtsv7M4_T_le_v4SPD16_eabi.lib : exit.obj (.data:$O1$$)
                  2000021c    00000008                                   : _lock.obj (.data:$O1$$)
                  20000224    00000004                                   : stkdepth_vars.obj (.data)

.bss       0    20000228    00000005     UNINITIALIZED
                  20000228    00000004     (.common:j)
                  2000022c    00000001     (.common:status)

MODULE SUMMARY

       Module                         code   ro data   rw data
       ------                         ----   -------   -------
    .\
       tm4c123gh6pm_startup_ccs.obj   12     620       0      
       lab-1.obj                      260    0         21     
    +--+------------------------------+------+---------+---------+
       Total:                         272    620       21     
                                                              
    C:/ti/TivaWare_C_Series-2.1.4.178/driverlib/ccs/Debug/driverlib.lib
       gpio.obj                       396    0         0      
       sysctl.obj                     302    0         0      
    +--+------------------------------+------+---------+---------+
       Total:                         698    0         0      
                                                              
    E:\ti\ccsv7\tools\compiler\ti-cgt-arm_16.9.4.LTS\lib\rtsv7M4_T_le_v4SPD16_eabi.lib
       memcpy_t2.obj                  156    0         0      
       memset_t2.obj                  122    0         0      
       autoinit.obj                   112    0         0      
       copy_decompress_lzss.obj       104    0         0      
       exit.obj                       84     0         12     
       boot.obj                       84     0         0      
       cpy_tbl.obj                    76     0         0      
       _lock.obj                      20     0         8      
       args_main.obj                  24     0         0      
       copy_decompress_none.obj       14     0         0      
       copy_zero_init.obj             12     0         0      
       pre_init.obj                   4      0         0      
       stkdepth_vars.obj              0      0         4      
       mpu_init.obj                   2      0         0      
       startup.obj                    2      0         0      
    +--+------------------------------+------+---------+---------+
       Total:                         816    0         24     
                                                              
       Stack:                         0      0         512    
       Linker Generated:              0      61        0      
    +--+------------------------------+------+---------+---------+
       Grand Total:                   1786   681       557    


LINKER GENERATED COPY TABLES

__TI_cinit_table @ 00000998 records: 2, size/record: 8, table size: 16
	.data: load addr=00000968, load size=00000019 bytes, run addr=20000200, run size=00000028 bytes, compression=lzss
	.bss: load addr=00000990, load size=00000008 bytes, run addr=20000228, run size=00000005 bytes, compression=zero_init


LINKER GENERATED HANDLER TABLE

__TI_handler_table @ 00000984 records: 3, size/record: 4, table size: 12
	index: 0, handler: __TI_decompress_lzss
	index: 1, handler: __TI_decompress_none
	index: 2, handler: __TI_zero_init


GLOBAL SYMBOLS: SORTED ALPHABETICALLY BY Name 

address   name                           
-------   ----                           
000007dd  C$$EXIT                        
00000413  Delay                          
000008b1  GPIODirModeSet                 
0000026d  GPIOPadConfigSet               
00000959  GPIOPinRead                    
00000921  GPIOPinTypeGPIOInput           
000008db  GPIOPinTypeGPIOOutput          
0000094d  ResetISR                       
UNDEFED   SHT$$INIT_ARRAY$$Base          
UNDEFED   SHT$$INIT_ARRAY$$Limit         
000004a5  SysCtlClockSet                 
0000095f  SysCtlDelay                    
0000087d  SysCtlPeripheralEnable         
20000200  __STACK_END                    
00000200  __STACK_SIZE                   
20000200  __STACK_TOP                    
00000998  __TI_CINIT_Base                
000009a8  __TI_CINIT_Limit               
00000984  __TI_Handler_Table_Base        
00000990  __TI_Handler_Table_Limit       
000006b1  __TI_auto_init                 
20000210  __TI_cleanup_ptr               
00000721  __TI_decompress_lzss           
00000933  __TI_decompress_none           
20000214  __TI_dtors_ptr                 
20000218  __TI_enable_exit_profile_output
ffffffff  __TI_pprof_out_hndl            
ffffffff  __TI_prof_data_size            
ffffffff  __TI_prof_data_start           
00000000  __TI_static_base__             
00000941  __TI_zero_init                 
00000635  __aeabi_memclr                 
00000635  __aeabi_memclr4                
00000635  __aeabi_memclr8                
00000599  __aeabi_memcpy                 
00000599  __aeabi_memcpy4                
00000599  __aeabi_memcpy8                
00000637  __aeabi_memset                 
00000637  __aeabi_memset4                
00000637  __aeabi_memset8                
ffffffff  __binit__                      
ffffffff  __c_args__                     
0000039f  __mpu_init                     
20000000  __stack                        
000008f5  _args_main                     
00000789  _c_int00                       
2000021c  _lock                          
0000091b  _nop                           
00000913  _register_lock                 
0000090d  _register_unlock               
000006af  _system_post_cinit             
00000965  _system_pre_init               
20000220  _unlock                        
000007e1  abort                          
ffffffff  binit                          
20000200  colour                         
00000831  copy_in                        
000007e9  exit                           
20000204  flag                           
00000000  g_pfnVectors                   
20000228  j                              
000003c7  key_debounce                   
00000443  main                           
20000224  main_func_sp                   
00000599  memcpy                         
0000063d  memset                         
000003f3  pin_config                     
000003a1  setup                          
2000022c  status                         
20000208  sw1Status                      
2000020c  sw2Status                      


GLOBAL SYMBOLS: SORTED BY Symbol Address 

address   name                           
-------   ----                           
00000000  __TI_static_base__             
00000000  g_pfnVectors                   
00000200  __STACK_SIZE                   
0000026d  GPIOPadConfigSet               
0000039f  __mpu_init                     
000003a1  setup                          
000003c7  key_debounce                   
000003f3  pin_config                     
00000413  Delay                          
00000443  main                           
000004a5  SysCtlClockSet                 
00000599  __aeabi_memcpy                 
00000599  __aeabi_memcpy4                
00000599  __aeabi_memcpy8                
00000599  memcpy                         
00000635  __aeabi_memclr                 
00000635  __aeabi_memclr4                
00000635  __aeabi_memclr8                
00000637  __aeabi_memset                 
00000637  __aeabi_memset4                
00000637  __aeabi_memset8                
0000063d  memset                         
000006af  _system_post_cinit             
000006b1  __TI_auto_init                 
00000721  __TI_decompress_lzss           
00000789  _c_int00                       
000007dd  C$$EXIT                        
000007e1  abort                          
000007e9  exit                           
00000831  copy_in                        
0000087d  SysCtlPeripheralEnable         
000008b1  GPIODirModeSet                 
000008db  GPIOPinTypeGPIOOutput          
000008f5  _args_main                     
0000090d  _register_unlock               
00000913  _register_lock                 
0000091b  _nop                           
00000921  GPIOPinTypeGPIOInput           
00000933  __TI_decompress_none           
00000941  __TI_zero_init                 
0000094d  ResetISR                       
00000959  GPIOPinRead                    
0000095f  SysCtlDelay                    
00000965  _system_pre_init               
00000984  __TI_Handler_Table_Base        
00000990  __TI_Handler_Table_Limit       
00000998  __TI_CINIT_Base                
000009a8  __TI_CINIT_Limit               
20000000  __stack                        
20000200  __STACK_END                    
20000200  __STACK_TOP                    
20000200  colour                         
20000204  flag                           
20000208  sw1Status                      
2000020c  sw2Status                      
20000210  __TI_cleanup_ptr               
20000214  __TI_dtors_ptr                 
20000218  __TI_enable_exit_profile_output
2000021c  _lock                          
20000220  _unlock                        
20000224  main_func_sp                   
20000228  j                              
2000022c  status                         
ffffffff  __TI_pprof_out_hndl            
ffffffff  __TI_prof_data_size            
ffffffff  __TI_prof_data_start           
ffffffff  __binit__                      
ffffffff  __c_args__                     
ffffffff  binit                          
UNDEFED   SHT$$INIT_ARRAY$$Base          
UNDEFED   SHT$$INIT_ARRAY$$Limit         

[71 symbols]
